Timestamp: Sun May 31 20:27:10 WIB 2026 | TO: admin@kampus.ac.id | SUBJECT: Dashboard Login Successful
CONTENT:
Halo Admin,

Login sukses ke Dashboard Web Control Center.

Detail:
- Waktu: 2026-05-31 20:27:10
- IP: 127.0.0.1
- Status: SUKSES
--------------------------------------------------
Timestamp: Sun May 31 22:55:26 WIB 2026 | TO: admin@kampus.ac.id | SUBJECT: Dashboard Login Successful
CONTENT:
Halo Admin,

Login sukses ke Dashboard Web Control Center.

Detail:
- Waktu: 2026-05-31 22:55:26
- IP: 127.0.0.1
- Status: SUKSES
--------------------------------------------------
Timestamp: Sun May 31 23:00:54 WIB 2026 | TO: admin@kampus.ac.id | SUBJECT: Dashboard Login Successful
CONTENT:
Halo Admin,

Login sukses ke Dashboard Web Control Center.

Detail:
- Waktu: 2026-05-31 23:00:54
- IP: 127.0.0.1
- Status: SUKSES
--------------------------------------------------
Timestamp: Sun May 31 23:01:37 WIB 2026 | TO: admin@kampus.ac.id | SUBJECT: Dashboard Login Successful
CONTENT:
Halo Admin,

Login sukses ke Dashboard Web Control Center.

Detail:
- Waktu: 2026-05-31 23:01:37
- IP: 127.0.0.1
- Status: SUKSES
--------------------------------------------------
Timestamp: Sun May 31 23:03:23 WIB 2026 | TO: admin@kampus.ac.id | SUBJECT: Dashboard Login Successful
CONTENT:
Halo Admin,

Login sukses ke Dashboard Web Control Center.

Detail:
- Waktu: 2026-05-31 23:03:23
- IP: 127.0.0.1
- Status: SUKSES
--------------------------------------------------
Timestamp: Sun May 31 23:03:47 WIB 2026 | TO: admin@kampus.ac.id | SUBJECT: Test Security Email
CONTENT:
Notifikasi uji coba dari IoT Gateway.
Waktu: 2026-05-31 23:03:47
--------------------------------------------------
Timestamp: Sun May 31 23:03:49 WIB 2026 | TO: titasaripratiwi8@gmail.com | SUBJECT: Test Security Email
CONTENT:
Notifikasi uji coba dari IoT Gateway.
Waktu: 2026-05-31 23:03:49
--------------------------------------------------
Timestamp: Sun May 31 23:04:59 WIB 2026 | TO: titasaripratiwi8@gmail.com | SUBJECT: Test Security Email
CONTENT:
Notifikasi uji coba dari IoT Gateway.
Waktu: 2026-05-31 23:04:59
--------------------------------------------------
Timestamp: Sun May 31 23:05:00 WIB 2026 | TO: titasaripratiwi8@gmail.com | SUBJECT: Test Security Email
CONTENT:
Notifikasi uji coba dari IoT Gateway.
Waktu: 2026-05-31 23:05:00
--------------------------------------------------
Timestamp: Sun May 31 23:05:01 WIB 2026 | TO: titasaripratiwi8@gmail.com | SUBJECT: Test Security Email
CONTENT:
Notifikasi uji coba dari IoT Gateway.
Waktu: 2026-05-31 23:05:01
--------------------------------------------------
Timestamp: Sun May 31 23:05:02 WIB 2026 | TO: titasaripratiwi8@gmail.com | SUBJECT: Test Security Email
CONTENT:
Notifikasi uji coba dari IoT Gateway.
Waktu: 2026-05-31 23:05:02
--------------------------------------------------
Timestamp: Sun May 31 23:05:02 WIB 2026 | TO: titasaripratiwi8@gmail.com | SUBJECT: Test Security Email
CONTENT:
Notifikasi uji coba dari IoT Gateway.
Waktu: 2026-05-31 23:05:02
--------------------------------------------------
Timestamp: Sun May 31 23:05:03 WIB 2026 | TO: titasaripratiwi8@gmail.com | SUBJECT: Test Security Email
CONTENT:
Notifikasi uji coba dari IoT Gateway.
Waktu: 2026-05-31 23:05:03
--------------------------------------------------
